[template.hasthemes.com/antomi/antomi/index-6.html]
[backblue.gif]
[fade.gif]
[index.html]
[template.hasthemes.com/antomi/antomi/assets/img/favicon.ico]
[template.hasthemes.com/antomi/antomi/assets/css/plugins.css]
[template.hasthemes.com/antomi/antomi/assets/css/style.css]
[template.hasthemes.com/antomi/antomi/index.html]
[template.hasthemes.com/antomi/antomi/index-2.html]
[template.hasthemes.com/antomi/antomi/index-4.html]
[template.hasthemes.com/antomi/antomi/index-5.html]
[template.hasthemes.com/antomi/antomi/index-3.html]
[template.hasthemes.com/antomi/antomi/shop.html]
[template.hasthemes.com/antomi/antomi/index-7.html]
[template.hasthemes.com/antomi/antomi/shop-fullwidth.html]
[template.hasthemes.com/antomi/antomi/shop-fullwidth-list.html]
[template.hasthemes.com/antomi/antomi/shop-right-sidebar-list.html]
[template.hasthemes.com/antomi/antomi/shop-right-sidebar.html]
[template.hasthemes.com/antomi/antomi/shop-list.html]
[template.hasthemes.com/antomi/antomi/cart.html]
[template.hasthemes.com/antomi/antomi/wishlist.html]
[template.hasthemes.com/antomi/antomi/checkout.html]
[template.hasthemes.com/antomi/antomi/my-account.html]
[template.hasthemes.com/antomi/antomi/404.html]
[template.hasthemes.com/antomi/antomi/product-details.html]
[template.hasthemes.com/antomi/antomi/product-sidebar.html]
[template.hasthemes.com/antomi/antomi/product-grouped.html]
[template.hasthemes.com/antomi/antomi/variable-product.html]
[template.hasthemes.com/antomi/antomi/product-countdown.html]
[template.hasthemes.com/antomi/antomi/blog.html]
[template.hasthemes.com/antomi/antomi/blog-details.html]
[template.hasthemes.com/antomi/antomi/blog-fullwidth.html]
[template.hasthemes.com/antomi/antomi/blog-sidebar.html]
[template.hasthemes.com/antomi/antomi/blog-no-sidebar.html]
[template.hasthemes.com/antomi/antomi/about.html]
[template.hasthemes.com/antomi/antomi/faq.html]
[template.hasthemes.com/antomi/antomi/privacy-policy.html]
[template.hasthemes.com/antomi/antomi/contact.html]
[template.hasthemes.com/antomi/antomi/login.html]
[template.hasthemes.com/antomi/antomi/compare.html]
[template.hasthemes.com/antomi/antomi/coming-soon.html]
[template.hasthemes.com/antomi/antomi/assets/img/logo/logo.png]
[template.hasthemes.com/antomi/antomi/assets/img/s-product/product.jpg]
[template.hasthemes.com/antomi/antomi/assets/img/s-product/product2.jpg]
[template.hasthemes.com/antomi/antomi/assets/img/slider/slider17.jpg]
[template.hasthemes.com/antomi/antomi/assets/img/slider/slider18.jpg]
[template.hasthemes.com/antomi/antomi/assets/img/about/shipping1.png]
[template.hasthemes.com/antomi/antomi/assets/img/about/shipping2.png]
[template.hasthemes.com/antomi/antomi/assets/img/about/shipping3.png]
[template.hasthemes.com/antomi/antomi/assets/img/about/shipping4.png]
[template.hasthemes.com/antomi/antomi/assets/img/about/shipping5.png]
[template.hasthemes.com/antomi/antomi/assets/img/s-product/category1.jpg]
[template.hasthemes.com/antomi/antomi/assets/img/s-product/category2.jpg]
[template.hasthemes.com/antomi/antomi/assets/img/s-product/category3.jpg]
[template.hasthemes.com/antomi/antomi/assets/img/s-product/category4.jpg]
[template.hasthemes.com/antomi/antomi/assets/img/s-product/category5.jpg]
[template.hasthemes.com/antomi/antomi/assets/img/s-product/category6.jpg]
[template.hasthemes.com/antomi/antomi/assets/img/s-product/category7.jpg]
[template.hasthemes.com/antomi/antomi/assets/img/s-product/category8.jpg]
[template.hasthemes.com/antomi/antomi/assets/img/s-product/category9.jpg]
[template.hasthemes.com/antomi/antomi/assets/img/s-product/category10.jpg]
[template.hasthemes.com/antomi/antomi/assets/img/product/product5.jpg]
[template.hasthemes.com/antomi/antomi/assets/img/product/product6.jpg]
[template.hasthemes.com/antomi/antomi/assets/img/product/product7.jpg]
[template.hasthemes.com/antomi/antomi/assets/img/product/product8.jpg]
[template.hasthemes.com/antomi/antomi/assets/img/product/product1.jpg]
[template.hasthemes.com/antomi/antomi/assets/img/product/product2.jpg]
[template.hasthemes.com/antomi/antomi/assets/img/product/product3.jpg]
[template.hasthemes.com/antomi/antomi/assets/img/product/product4.jpg]
[template.hasthemes.com/antomi/antomi/assets/img/product/product9.jpg]
[template.hasthemes.com/antomi/antomi/assets/img/product/product10.jpg]
[template.hasthemes.com/antomi/antomi/assets/img/product/product11.jpg]
[template.hasthemes.com/antomi/antomi/assets/img/product/product12.jpg]
[template.hasthemes.com/antomi/antomi/assets/img/bg/banner4.jpg]
[template.hasthemes.com/antomi/antomi/assets/img/bg/banner5.jpg]
[template.hasthemes.com/antomi/antomi/assets/img/product/product13.jpg]
[template.hasthemes.com/antomi/antomi/assets/img/product/product14.jpg]
[template.hasthemes.com/antomi/antomi/assets/img/product/product17.jpg]
[template.hasthemes.com/antomi/antomi/assets/img/product/product18.jpg]
[template.hasthemes.com/antomi/antomi/assets/img/bg/banner6.jpg]
[template.hasthemes.com/antomi/antomi/assets/img/bg/banner7.jpg]
[template.hasthemes.com/antomi/antomi/assets/img/bg/banner8.jpg]
[template.hasthemes.com/antomi/antomi/assets/img/product/product15.jpg]
[template.hasthemes.com/antomi/antomi/assets/img/product/product16.jpg]
[template.hasthemes.com/antomi/antomi/assets/img/product/product19.jpg]
[template.hasthemes.com/antomi/antomi/assets/img/product/product20.jpg]
[template.hasthemes.com/antomi/antomi/assets/img/icon/icon-appstore.png]
[template.hasthemes.com/antomi/antomi/assets/img/icon/icon-googleplay.png]
[template.hasthemes.com/antomi/antomi/assets/img/icon/icon-phone.png]
[template.hasthemes.com/antomi/antomi/assets/img/icon/payment.png]
[template.hasthemes.com/antomi/antomi/assets/img/product/productbig2.jpg]
[template.hasthemes.com/antomi/antomi/assets/img/product/productbig3.jpg]
[template.hasthemes.com/antomi/antomi/assets/img/product/productbig4.jpg]
[template.hasthemes.com/antomi/antomi/assets/img/product/productbig5.jpg]
[template.hasthemes.com/antomi/antomi/index-6.html]
[template.hasthemes.com/antomi/antomi/assets/js/main.js]
[template.hasthemes.com/antomi/antomi/assets/js/plugins.js]
[template.hasthemes.com/antomi/antomi/assets/fonts/fontawesome-webfont3e6e.eot]
[template.hasthemes.com/antomi/antomi/assets/fonts/fontawesome-webfont3e6e.woff2]
[template.hasthemes.com/antomi/antomi/assets/fonts/fontawesome-webfontd41d.eot]
[template.hasthemes.com/antomi/antomi/assets/fonts/fontawesome-webfont3e6e.woff]
[template.hasthemes.com/antomi/antomi/assets/fonts/fontawesome-webfont3e6e.ttf]
[template.hasthemes.com/antomi/antomi/assets/img/icon/owl.video.play.png]
[template.hasthemes.com/antomi/antomi/assets/fonts/fontawesome-webfont3e6e.svg]
[template.hasthemes.com/antomi/antomi/assets/fonts/ionicons28b5.ttf]
[template.hasthemes.com/antomi/antomi/assets/fonts/ionicons28b5.eot]
[template.hasthemes.com/antomi/antomi/assets/fonts/ionicons28b5.woff]
[template.hasthemes.com/antomi/antomi/assets/fonts/ionicons28b5.svg]
[template.hasthemes.com/antomi/antomi/assets/fonts/Material-Design-Iconic-Fontd1f1.woff2]
[template.hasthemes.com/antomi/antomi/assets/fonts/Material-Design-Iconic-Fontd1f1.woff]
[template.hasthemes.com/antomi/antomi/assets/fonts/Material-Design-Iconic-Fontd1f1.ttf]
[template.hasthemes.com/antomi/antomi/assets/css/plugins.css]
[template.hasthemes.com/antomi/antomi/assets/img/icon/bkg_grid.png]
[template.hasthemes.com/antomi/antomi/assets/img/icon/bkg_grid_hover.png]
[template.hasthemes.com/antomi/antomi/assets/img/icon/bkg_grid4.png]
[template.hasthemes.com/antomi/antomi/assets/img/icon/bkg_grid4_hover.png]
[template.hasthemes.com/antomi/antomi/assets/img/icon/bkg_list.png]
[template.hasthemes.com/antomi/antomi/assets/img/icon/bkg_list_hover.png]
[template.hasthemes.com/antomi/antomi/assets/img/about/quote-icon.png]
[template.hasthemes.com/antomi/antomi/assets/img/bg/coming-soon.jpg]
[template.hasthemes.com/antomi/antomi/assets/css/style.css]
[template.hasthemes.com/antomi/antomi/assets/img/slider/slider1.jpg]
[template.hasthemes.com/antomi/antomi/assets/img/slider/slider2.jpg]
[template.hasthemes.com/antomi/antomi/assets/img/slider/slider3.jpg]
[template.hasthemes.com/antomi/antomi/assets/img/slider/slider4.jpg]
[template.hasthemes.com/antomi/antomi/assets/img/bg/banner1.jpg]
[template.hasthemes.com/antomi/antomi/assets/img/bg/banner2.jpg]
[template.hasthemes.com/antomi/antomi/assets/img/bg/banner3.jpg]
[template.hasthemes.com/antomi/antomi/index.html]
[template.hasthemes.com/antomi/antomi/assets/img/slider/slider5.jpg]
[template.hasthemes.com/antomi/antomi/assets/img/slider/slider6.jpg]
[template.hasthemes.com/antomi/antomi/assets/img/slider/slider7.jpg]
[template.hasthemes.com/antomi/antomi/assets/img/slider/slider8.jpg]
[template.hasthemes.com/antomi/antomi/index-2.html]
[template.hasthemes.com/antomi/antomi/assets/img/slider/slider9.jpg]
[template.hasthemes.com/antomi/antomi/assets/img/slider/slider10.jpg]
[template.hasthemes.com/antomi/antomi/assets/img/slider/slider11.jpg]
[template.hasthemes.com/antomi/antomi/assets/img/product/product29.jpg]
[template.hasthemes.com/antomi/antomi/assets/img/product/product28.jpg]
[template.hasthemes.com/antomi/antomi/assets/img/product/product27.jpg]
[template.hasthemes.com/antomi/antomi/assets/img/product/product26.jpg]
[template.hasthemes.com/antomi/antomi/assets/img/product/product24.jpg]
[template.hasthemes.com/antomi/antomi/assets/img/product/product25.jpg]
[template.hasthemes.com/antomi/antomi/assets/img/product/product22.jpg]
[template.hasthemes.com/antomi/antomi/assets/img/product/product23.jpg]
[template.hasthemes.com/antomi/antomi/assets/img/product/product21.jpg]
[template.hasthemes.com/antomi/antomi/assets/img/blog/blog1.jpg]
[template.hasthemes.com/antomi/antomi/assets/img/blog/blog2.jpg]
[template.hasthemes.com/antomi/antomi/assets/img/blog/blog3.jpg]
[template.hasthemes.com/antomi/antomi/assets/img/blog/blog4.jpg]
[template.hasthemes.com/antomi/antomi/index-3.html]
[template.hasthemes.com/antomi/antomi/assets/img/slider/slider12.jpg]
[template.hasthemes.com/antomi/antomi/assets/img/slider/slider13.jpg]
[template.hasthemes.com/antomi/antomi/assets/img/slider/slider14.jpg]
[template.hasthemes.com/antomi/antomi/assets/img/bg/banner9.jpg]
[template.hasthemes.com/antomi/antomi/assets/img/bg/banner10.jpg]
[template.hasthemes.com/antomi/antomi/assets/img/bg/banner11.jpg]
[template.hasthemes.com/antomi/antomi/assets/img/icon/categori-menu1.png]
[template.hasthemes.com/antomi/antomi/assets/img/bg/banner12.jpg]
[template.hasthemes.com/antomi/antomi/assets/img/icon/categori-menu2.png]
[template.hasthemes.com/antomi/antomi/assets/img/bg/banner13.jpg]
[template.hasthemes.com/antomi/antomi/assets/img/icon/categori-menu3.png]
[template.hasthemes.com/antomi/antomi/assets/img/bg/banner14.jpg]
[template.hasthemes.com/antomi/antomi/index-4.html]
[template.hasthemes.com/antomi/antomi/index-5.html]
[template.hasthemes.com/antomi/antomi/assets/img/slider/slider20.jpg]
[template.hasthemes.com/antomi/antomi/assets/img/slider/slider19.jpg]
[template.hasthemes.com/antomi/antomi/index-7.html]
[template.hasthemes.com/antomi/antomi/assets/img/bg/banner16.jpg]
[template.hasthemes.com/antomi/antomi/shop.html]
[template.hasthemes.com/antomi/antomi/shop-fullwidth.html]
[template.hasthemes.com/antomi/antomi/shop-fullwidth-list.html]
[template.hasthemes.com/antomi/antomi/shop-right-sidebar.html]
[template.hasthemes.com/antomi/antomi/shop-right-sidebar-list.html]
[template.hasthemes.com/antomi/antomi/shop-list.html]
[template.hasthemes.com/antomi/antomi/assets/img/s-product/product3.jpg]
[template.hasthemes.com/antomi/antomi/cart.html]
[template.hasthemes.com/antomi/antomi/wishlist.html]
[template.hasthemes.com/antomi/antomi/assets/img/icon/papyel.png]
[template.hasthemes.com/antomi/antomi/checkout.html]
[template.hasthemes.com/antomi/antomi/my-account.html]
[template.hasthemes.com/antomi/antomi/404.html]
[template.hasthemes.com/antomi/antomi/assets/img/product/productbig1.jpg]
[template.hasthemes.com/antomi/antomi/assets/img/blog/comment2.jpg]
[template.hasthemes.com/antomi/antomi/product-details.html]
[template.hasthemes.com/antomi/antomi/product-sidebar.html]
[template.hasthemes.com/antomi/antomi/product-grouped.html]
[template.hasthemes.com/antomi/antomi/variable-product.html]
[template.hasthemes.com/antomi/antomi/product-countdown.html]
[template.hasthemes.com/antomi/antomi/assets/img/blog/blogpage1.jpg]
[template.hasthemes.com/antomi/antomi/assets/img/blog/blogpage2.jpg]
[template.hasthemes.com/antomi/antomi/assets/img/blog/blogpage3.jpg]
[template.hasthemes.com/antomi/antomi/assets/img/blog/blogpage4.jpg]
[template.hasthemes.com/antomi/antomi/assets/img/blog/blogpage5.jpg]
[template.hasthemes.com/antomi/antomi/assets/img/blog/comment2.png.jpg]
[template.hasthemes.com/antomi/antomi/assets/img/blog/blog6.jpg]
[template.hasthemes.com/antomi/antomi/assets/img/blog/blog7.jpg]
[template.hasthemes.com/antomi/antomi/assets/img/blog/blog8.jpg]
[template.hasthemes.com/antomi/antomi/assets/img/blog/blog9.jpg]
[template.hasthemes.com/antomi/antomi/blog.html]
[template.hasthemes.com/antomi/antomi/assets/img/blog/blog-big1.jpg]
[template.hasthemes.com/antomi/antomi/assets/img/blog/comment3.png.jpg]
[template.hasthemes.com/antomi/antomi/blog-details.html]
[template.hasthemes.com/antomi/antomi/assets/img/blog/blog-big2.jpg]
[template.hasthemes.com/antomi/antomi/assets/img/blog/blog-big3.jpg]
[template.hasthemes.com/antomi/antomi/assets/img/blog/blog-big4.jpg]
[template.hasthemes.com/antomi/antomi/assets/img/blog/blog-big5.jpg]
[template.hasthemes.com/antomi/antomi/blog-fullwidth.html]
[template.hasthemes.com/antomi/antomi/blog-sidebar.html]
[template.hasthemes.com/antomi/antomi/blog-no-sidebar.html]
[template.hasthemes.com/antomi/antomi/assets/img/about/about1.jpg]
[template.hasthemes.com/antomi/antomi/assets/img/about/about-us-signature.png]
[template.hasthemes.com/antomi/antomi/assets/img/about/about-us-policy-bg.jpg]
[template.hasthemes.com/antomi/antomi/assets/img/about/About_icon1.png]
[template.hasthemes.com/antomi/antomi/assets/img/about/About_icon2.png]
[template.hasthemes.com/antomi/antomi/assets/img/about/About_icon3.png]
[template.hasthemes.com/antomi/antomi/assets/img/about/about2.jpg]
[template.hasthemes.com/antomi/antomi/assets/img/about/about3.jpg]
[template.hasthemes.com/antomi/antomi/assets/img/about/about4.jpg]
[template.hasthemes.com/antomi/antomi/assets/img/about/testimonial1.jpg]
[template.hasthemes.com/antomi/antomi/assets/img/about/testimonial2.jpg]
[template.hasthemes.com/antomi/antomi/assets/img/about/testimonial3.jpg]
[template.hasthemes.com/antomi/antomi/about.html]
[template.hasthemes.com/antomi/antomi/faq.html]
[template.hasthemes.com/antomi/antomi/privacy-policy.html]
[template.hasthemes.com/antomi/antomi/contact.html]
[template.hasthemes.com/antomi/antomi/login.html]
[template.hasthemes.com/antomi/antomi/compare.html]
[template.hasthemes.com/antomi/antomi/assets/js/map.js]
[template.hasthemes.com/antomi/antomi/assets/img/logo/logo-white.png]
[template.hasthemes.com/antomi/antomi/coming-soon.html]
[template.hasthemes.com/antomi/antomi/assets/fonts/fontawesome-webfont3e6e.svg]
[template.hasthemes.com/antomi/antomi/assets/fonts/ionicons28b5.svg]
